Dating results : 
[1] Assuming an 'independent' genealogy: age estimate = 7.5 generations, with confidence interval (3.3,17.5)
[1] Assuming a 'correlated' genealogy: age estimate = 6 generations, with confidence interval (1.9,21.7)
