FAM1	sample1	2	4	rs10016464	rs3857175	71420	7039197	6967.778	725	9.611	1.000	0.000
FAM2	sample2	2	4	rs10016464	rs3857175	71420	7039197	6967.778	725	9.611	1.000	0.000
FAM3	sample3	2	4	rs10016464	rs3857175	71420	7039197	6967.778	725	9.611	1.000	0.000
