#chrom	chromStart	chromEnd	name
chr4	71420	7039197	sample1
chr4	71420	7039197	sample2
chr4	71420	7039197	sample3
