Sample ID	Length ROH	Nb SNP	Density
sample1	6967.778	725	9.611
sample2	6967.778	725	9.611
sample3	6967.778	725	9.611
