Group	Nb sample tot	Nb sample in same family	Nb ROH tot	Nb ROH interest	Dating	Confidence	Nb sample find
1	3	0	3	3	independant 187.5 years / correlated 150.0 years	independant [82.5,437.5] years /correlated [47.5,542.5] years	3/3
